2026-05-15 20:49:49,286 - AlphaVol - INFO - Running full pipeline...
2026-05-15 20:49:49,287 - AlphaVol - INFO - --- Running binance ---
2026-05-15 20:49:49,288 - AlphaVol - INFO - Fetching BTCUSDT 5m klines starting 2019-01-01...
2026-05-15 20:51:53,939 - AlphaVol - INFO - Running full pipeline...
2026-05-15 20:51:53,939 - AlphaVol - INFO - --- Running binance ---
2026-05-15 20:51:53,940 - AlphaVol - INFO - Fetching BTCUSDT 5m klines starting 2019-01-01...
2026-05-15 20:55:47,394 - AlphaVol - INFO - Saved 774376 rows to data/raw/ohlcv/btc_5min.parquet
2026-05-15 20:55:47,865 - AlphaVol - INFO - Fetching ETHUSDT 5m klines starting 2019-01-01...
2026-05-15 20:58:00,340 - AlphaVol - INFO - Saved 774376 rows to data/raw/ohlcv/btc_5min.parquet
2026-05-15 20:58:00,656 - AlphaVol - INFO - Fetching ETHUSDT 5m klines starting 2019-01-01...
2026-05-15 21:01:51,788 - AlphaVol - INFO - Saved 774377 rows to data/raw/ohlcv/eth_5min.parquet
2026-05-15 21:01:52,118 - AlphaVol - INFO - Fetching BTCUSDT 1h klines starting 2019-01-01...
2026-05-15 21:02:22,855 - AlphaVol - INFO - Saved 64540 rows to data/raw/ohlcv/btc_1h.parquet
2026-05-15 21:02:22,889 - AlphaVol - INFO - Fetching BTCUSDT 1d klines starting 2019-01-01...
2026-05-15 21:02:24,515 - AlphaVol - INFO - Saved 2692 rows to data/raw/ohlcv/btc_1d.parquet
2026-05-15 21:02:24,519 - AlphaVol - INFO - Fetching ETHUSDT 1d klines starting 2019-01-01...
2026-05-15 21:02:26,530 - AlphaVol - INFO - Saved 2692 rows to data/raw/ohlcv/eth_1d.parquet
2026-05-15 21:02:26,535 - AlphaVol - INFO - Fetching BTCUSDT aggTrades...
2026-05-15 21:02:26,932 - AlphaVol - INFO - Fetching BTCUSDT orderbook snapshot...
2026-05-15 21:02:27,340 - AlphaVol - INFO - --- Running yfinance ---
2026-05-15 21:02:27,340 - AlphaVol - INFO - Fetching ^GSPC from yfinance...
2026-05-15 21:02:34,623 - AlphaVol - INFO - Saved spx to data/raw/ohlcv/spx_1d.parquet
2026-05-15 21:02:34,624 - AlphaVol - INFO - Fetching ^NSEI from yfinance...
2026-05-15 21:02:35,087 - AlphaVol - INFO - Saved nifty to data/raw/ohlcv/nifty_1d.parquet
2026-05-15 21:02:35,087 - AlphaVol - INFO - Fetching ^VIX from yfinance...
2026-05-15 21:02:35,638 - AlphaVol - INFO - Saved vix to data/raw/ohlcv/vix_1d.parquet
2026-05-15 21:02:35,638 - AlphaVol - INFO - Fetching DX-Y.NYB from yfinance...
2026-05-15 21:02:36,193 - AlphaVol - INFO - Saved dxy to data/raw/ohlcv/dxy_1d.parquet
2026-05-15 21:02:36,194 - AlphaVol - INFO - Fetching ^VXN from yfinance...
2026-05-15 21:02:36,732 - AlphaVol - INFO - Saved vxn to data/raw/ohlcv/vxn_1d.parquet
2026-05-15 21:02:36,732 - AlphaVol - INFO - Fetching GC=F from yfinance...
2026-05-15 21:02:37,261 - AlphaVol - INFO - Saved gold to data/raw/ohlcv/gold_1d.parquet
2026-05-15 21:02:37,261 - AlphaVol - INFO - Fetching ^TNX from yfinance...
2026-05-15 21:02:37,764 - AlphaVol - INFO - Saved tnx10y to data/raw/ohlcv/tnx10y_1d.parquet
2026-05-15 21:02:37,765 - AlphaVol - INFO - Fetching ^IRX from yfinance...
2026-05-15 21:02:38,464 - AlphaVol - INFO - Saved irx3m to data/raw/ohlcv/irx3m_1d.parquet
2026-05-15 21:02:38,464 - AlphaVol - INFO - --- Running rv ---
2026-05-15 21:02:38,464 - AlphaVol - INFO - Computing RV for BTC...
2026-05-15 21:02:43,292 - AlphaVol - INFO - Saved BTC RV to data/raw/realized_vol/btc_rv_daily.parquet
2026-05-15 21:02:43,330 - AlphaVol - INFO - Computing RV for ETH...
2026-05-15 21:02:46,668 - AlphaVol - INFO - Saved ETH RV to data/raw/realized_vol/eth_rv_daily.parquet
2026-05-15 21:02:46,708 - AlphaVol - INFO - Computing tradfi RV for SPX...
2026-05-15 21:02:46,755 - AlphaVol - INFO - Computing tradfi RV for NIFTY...
2026-05-15 21:02:46,800 - AlphaVol - INFO - --- Running deribit ---
2026-05-15 21:02:46,800 - AlphaVol - INFO - Fetching BTC DVOL from Deribit...
2026-05-15 21:02:48,623 - AlphaVol - INFO - Saved DVOL data to data/raw/options/btc_deribit_dvol.parquet
2026-05-15 21:02:48,625 - AlphaVol - INFO - Fetching BTC Options Chain from Deribit...
2026-05-15 21:02:49,186 - AlphaVol - INFO - Saved Options Chain snapshot to data/raw/options/btc_deribit_options_chain.parquet
2026-05-15 21:02:49,190 - AlphaVol - INFO - --- Running microstructure ---
2026-05-15 21:02:49,190 - AlphaVol - INFO - Computing OBI from data/raw/ohlcv/btc_5min.parquet...
2026-05-15 21:02:56,308 - AlphaVol - INFO - Saved OBI daily features to data/raw/microstructure/btc_obi_daily.parquet
2026-05-15 21:02:56,350 - AlphaVol - INFO - Computing VPIN...
2026-05-15 21:02:56,405 - AlphaVol - INFO - Saved VPIN daily to data/raw/microstructure/btc_vpin_daily.parquet
2026-05-15 21:02:56,405 - AlphaVol - INFO - --- Running fred ---
2026-05-15 21:02:56,406 - AlphaVol - INFO - Fetching FRED macro data...
2026-05-15 21:02:56,406 - AlphaVol - WARNING - FRED_API_KEY not valid. Skipping.
2026-05-15 21:02:56,409 - AlphaVol - INFO - --- Running sentiment ---
2026-05-15 21:02:56,410 - AlphaVol - INFO - Fetching CryptoPanic headlines...
2026-05-15 21:02:56,414 - AlphaVol - INFO - Fetching NewsAPI headlines...
2026-05-15 21:02:56,418 - AlphaVol - INFO - Fetching GDELT via BigQuery...
2026-05-15 21:02:56,422 - AlphaVol - INFO - Fetching Google Trends...
2026-05-15 21:02:58,542 - AlphaVol - ERROR - Pytrends error for bitcoin crash: The request failed: Google returned a response with code 429
2026-05-15 21:03:25,968 - AlphaVol - INFO - --- Running fear_greed ---
2026-05-15 21:03:25,969 - AlphaVol - INFO - Fetching CNN Fear & Greed...
2026-05-15 21:03:27,239 - AlphaVol - INFO - Fetching Crypto Fear & Greed...
2026-05-15 21:03:28,795 - AlphaVol - INFO - Fetching VIX term structure...
2026-05-15 21:03:32,046 - AlphaVol - ERROR - VIX term structure error: HTTP Error 403: Forbidden
2026-05-15 21:03:32,051 - AlphaVol - INFO - Generating manifest...
2026-05-15 21:03:32,761 - AlphaVol - INFO - Manifest written to data/manifest.json
2026-05-15 21:03:59,206 - AlphaVol - INFO - Saved 774377 rows to data/raw/ohlcv/eth_5min.parquet
2026-05-15 21:03:59,545 - AlphaVol - INFO - CACHE HIT: data/raw/ohlcv/btc_1h.parquet is fresh (0.03 hours old).
2026-05-15 21:03:59,546 - AlphaVol - INFO - CACHE HIT: data/raw/ohlcv/btc_1d.parquet is fresh (0.03 hours old).
2026-05-15 21:03:59,546 - AlphaVol - INFO - CACHE HIT: data/raw/ohlcv/eth_1d.parquet is fresh (0.03 hours old).
2026-05-15 21:03:59,546 - AlphaVol - INFO - CACHE HIT: data/raw/microstructure/btc_agg_trades.parquet is fresh (0.03 hours old).
2026-05-15 21:03:59,547 - AlphaVol - INFO - Fetching BTCUSDT orderbook snapshot...
2026-05-15 21:03:59,895 - AlphaVol - INFO - --- Running yfinance ---
2026-05-15 21:03:59,896 - AlphaVol - INFO - CACHE HIT: data/raw/ohlcv/spx_1d.parquet is fresh (0.02 hours old).
2026-05-15 21:03:59,896 - AlphaVol - INFO - CACHE HIT: data/raw/ohlcv/nifty_1d.parquet is fresh (0.02 hours old).
2026-05-15 21:03:59,897 - AlphaVol - INFO - CACHE HIT: data/raw/ohlcv/vix_1d.parquet is fresh (0.02 hours old).
2026-05-15 21:03:59,897 - AlphaVol - INFO - CACHE HIT: data/raw/ohlcv/dxy_1d.parquet is fresh (0.02 hours old).
2026-05-15 21:03:59,898 - AlphaVol - INFO - CACHE HIT: data/raw/ohlcv/vxn_1d.parquet is fresh (0.02 hours old).
2026-05-15 21:03:59,898 - AlphaVol - INFO - CACHE HIT: data/raw/ohlcv/gold_1d.parquet is fresh (0.02 hours old).
2026-05-15 21:03:59,899 - AlphaVol - INFO - CACHE HIT: data/raw/ohlcv/tnx10y_1d.parquet is fresh (0.02 hours old).
2026-05-15 21:03:59,899 - AlphaVol - INFO - CACHE HIT: data/raw/ohlcv/irx3m_1d.parquet is fresh (0.02 hours old).
2026-05-15 21:03:59,900 - AlphaVol - INFO - --- Running rv ---
2026-05-15 21:03:59,900 - AlphaVol - INFO - Computing RV for BTC...
2026-05-15 21:04:03,740 - AlphaVol - INFO - Saved BTC RV to data/raw/realized_vol/btc_rv_daily.parquet
2026-05-15 21:04:03,774 - AlphaVol - INFO - Computing RV for ETH...
2026-05-15 21:04:07,156 - AlphaVol - INFO - Saved ETH RV to data/raw/realized_vol/eth_rv_daily.parquet
2026-05-15 21:04:07,205 - AlphaVol - INFO - Computing tradfi RV for SPX...
2026-05-15 21:04:07,253 - AlphaVol - INFO - Computing tradfi RV for NIFTY...
2026-05-15 21:04:07,308 - AlphaVol - INFO - --- Running deribit ---
2026-05-15 21:04:07,309 - AlphaVol - INFO - CACHE HIT: data/raw/options/btc_deribit_dvol.parquet is fresh (0.02 hours old).
2026-05-15 21:04:07,310 - AlphaVol - INFO - CACHE HIT: data/raw/options/btc_deribit_options_chain.parquet is fresh (0.02 hours old).
2026-05-15 21:04:07,310 - AlphaVol - INFO - --- Running microstructure ---
2026-05-15 21:04:07,311 - AlphaVol - INFO - Computing OBI from data/raw/ohlcv/btc_5min.parquet...
2026-05-15 21:04:14,323 - AlphaVol - INFO - Saved OBI daily features to data/raw/microstructure/btc_obi_daily.parquet
2026-05-15 21:04:14,366 - AlphaVol - INFO - Computing VPIN...
2026-05-15 21:04:14,406 - AlphaVol - INFO - Saved VPIN daily to data/raw/microstructure/btc_vpin_daily.parquet
2026-05-15 21:04:14,406 - AlphaVol - INFO - --- Running fred ---
2026-05-15 21:04:14,407 - AlphaVol - INFO - CACHE HIT: data/raw/macro/fred_series.parquet is fresh (0.02 hours old).
2026-05-15 21:04:14,407 - AlphaVol - INFO - --- Running sentiment ---
2026-05-15 21:04:14,407 - AlphaVol - INFO - CACHE HIT: data/raw/sentiment/cryptopanic_headlines.parquet is fresh (0.02 hours old).
2026-05-15 21:04:14,408 - AlphaVol - INFO - CACHE HIT: data/raw/sentiment/newsapi_headlines.parquet is fresh (0.02 hours old).
2026-05-15 21:04:14,408 - AlphaVol - INFO - CACHE HIT: data/raw/sentiment/gdelt_daily.parquet is fresh (0.02 hours old).
2026-05-15 21:04:14,409 - AlphaVol - INFO - CACHE HIT: data/raw/sentiment/google_trends_weekly.parquet is fresh (0.01 hours old).
2026-05-15 21:04:14,409 - AlphaVol - INFO - --- Running fear_greed ---
2026-05-15 21:04:14,410 - AlphaVol - INFO - CACHE HIT: data/raw/macro/fear_greed_index.parquet is fresh (0.01 hours old).
2026-05-15 21:04:14,410 - AlphaVol - INFO - CACHE HIT: data/raw/macro/crypto_fear_greed.parquet is fresh (0.01 hours old).
2026-05-15 21:04:14,411 - AlphaVol - INFO - CACHE HIT: data/raw/options/spx_vix_term_structure.parquet is fresh (0.01 hours old).
2026-05-15 21:04:14,411 - AlphaVol - INFO - Generating manifest...
2026-05-15 21:04:15,016 - AlphaVol - INFO - Manifest written to data/manifest.json
2026-05-15 22:51:55,344 - AlphaVol - INFO - Generating manifest...
2026-05-15 22:51:58,226 - AlphaVol - INFO - Manifest written to data/manifest.json
2026-05-15 23:58:47,580 - AlphaVol - INFO - Running isolated source: sentiment
2026-05-15 23:58:47,582 - AlphaVol - INFO - CACHE HIT: data/raw/sentiment/newsapi_headlines.parquet is fresh (2.93 hours old).
2026-05-15 23:58:47,584 - AlphaVol - INFO - CACHE HIT: data/raw/sentiment/gdelt_daily.parquet is fresh (2.93 hours old).
2026-05-15 23:58:47,585 - AlphaVol - INFO - CACHE HIT: data/raw/sentiment/google_trends_weekly.parquet is fresh (2.92 hours old).
2026-05-15 23:59:07,262 - AlphaVol - INFO - Running isolated source: fred
2026-05-15 23:59:07,286 - AlphaVol - INFO - CACHE HIT: data/raw/macro/fred_series.parquet is fresh (2.94 hours old).
2026-05-15 23:59:25,875 - AlphaVol - INFO - Generating manifest...
2026-05-15 23:59:28,837 - AlphaVol - INFO - Manifest written to data/manifest.json
2026-05-15 23:59:40,734 - AlphaVol - INFO - Running isolated source: sentiment
2026-05-15 23:59:40,734 - AlphaVol - INFO - Fetching NewsAPI headlines...
2026-05-15 23:59:50,784 - AlphaVol - INFO - Fetching GDELT via BigQuery...
2026-05-15 23:59:50,787 - AlphaVol - ERROR - GDELT error: File E:\AlphaVol-NeuralHAR-Global\dataawlphavol-research-379ebd44dd98.json was not found.
2026-05-15 23:59:50,792 - AlphaVol - INFO - Fetching Google Trends...
2026-05-16 00:00:35,024 - AlphaVol - INFO - Running isolated source: fred
2026-05-16 00:00:35,024 - AlphaVol - INFO - Fetching FRED macro data...
2026-05-16 00:00:57,627 - AlphaVol - ERROR - Failed to fetch GOLDAMGBD228NLBM: Bad Request.  The series does not exist.
2026-05-16 00:01:10,122 - AlphaVol - INFO - Saved FRED data to data/raw/macro/fred_series.parquet
2026-05-16 00:01:21,788 - AlphaVol - INFO - Generating manifest...
2026-05-16 00:01:22,549 - AlphaVol - INFO - Manifest written to data/manifest.json
2026-05-16 00:08:15,041 - AlphaVol - INFO - Running isolated source: sentiment
2026-05-16 00:08:15,043 - AlphaVol - INFO - Fetching NewsAPI headlines...
2026-05-16 00:08:22,704 - AlphaVol - INFO - Fetching GDELT via BigQuery...
2026-05-16 00:08:22,778 - AlphaVol - INFO - Fetching Google Trends...
2026-05-16 00:11:23,736 - AlphaVol - INFO - Generating manifest...
2026-05-16 00:11:24,416 - AlphaVol - INFO - Manifest written to data/manifest.json
2026-05-16 00:13:03,985 - AlphaVol - INFO - Running isolated source: fear_greed
2026-05-16 00:13:03,986 - AlphaVol - INFO - Fetching CNN Fear & Greed...
2026-05-16 00:13:04,238 - AlphaVol - INFO - Fetching Crypto Fear & Greed...
2026-05-16 00:13:05,783 - AlphaVol - INFO - CACHE HIT: data/raw/options/spx_vix_term_structure.parquet is fresh (3.16 hours old).
2026-05-16 00:16:41,008 - AlphaVol - INFO - Running isolated source: fear_greed
2026-05-16 00:16:41,010 - AlphaVol - INFO - CACHE HIT: data/raw/macro/fear_greed_index.parquet is fresh (0.06 hours old).
2026-05-16 00:16:41,010 - AlphaVol - INFO - CACHE HIT: data/raw/macro/crypto_fear_greed.parquet is fresh (0.06 hours old).
2026-05-16 00:16:41,011 - AlphaVol - INFO - Fetching VIX term structure...
2026-05-16 00:16:45,113 - AlphaVol - ERROR - VIX term structure error: 'Date'
2026-05-16 00:16:56,737 - AlphaVol - INFO - Generating manifest...
2026-05-16 00:16:58,222 - AlphaVol - INFO - Manifest written to data/manifest.json
2026-05-16 00:18:06,271 - AlphaVol - INFO - Running isolated source: microstructure
2026-05-16 00:18:06,271 - AlphaVol - INFO - Computing OBI from data/raw/ohlcv/btc_5min.parquet...
2026-05-16 00:18:21,909 - AlphaVol - INFO - Saved OBI daily features to data/raw/microstructure/btc_obi_daily.parquet
2026-05-16 00:18:22,015 - AlphaVol - INFO - Computing VPIN (using 5min proxy)...
2026-05-16 00:18:37,623 - AlphaVol - INFO - Generating manifest...
2026-05-16 00:18:38,712 - AlphaVol - INFO - Manifest written to data/manifest.json
2026-05-16 00:20:40,351 - AlphaVol - INFO - Generating manifest...
2026-05-16 00:20:41,221 - AlphaVol - INFO - Manifest written to data/manifest.json
2026-05-16 00:22:44,607 - AlphaVol - INFO - Fetching CNN Fear & Greed...
2026-05-16 00:22:44,921 - AlphaVol - INFO - Fetching VIX term structure...
2026-05-16 00:22:48,876 - AlphaVol - ERROR - VIX term structure error: 'Date'
2026-05-16 00:25:07,286 - AlphaVol - INFO - Running isolated source: fear_greed
2026-05-16 00:25:07,286 - AlphaVol - INFO - Fetching CNN Fear & Greed...
2026-05-16 00:25:07,569 - AlphaVol - INFO - Fetching Crypto Fear & Greed...
2026-05-16 00:25:09,266 - AlphaVol - INFO - Fetching VIX term structure...
2026-05-16 00:25:12,585 - AlphaVol - ERROR - VIX term structure error: 'DATE'
2026-05-16 00:25:26,925 - AlphaVol - INFO - Running isolated source: microstructure
2026-05-16 00:25:26,925 - AlphaVol - INFO - Computing OBI from data/raw/ohlcv/btc_5min.parquet...
2026-05-16 00:25:28,902 - AlphaVol - INFO - Running isolated source: deribit
2026-05-16 00:25:28,902 - AlphaVol - INFO - Fetching BTC DVOL from Deribit...
2026-05-16 00:25:30,101 - AlphaVol - INFO - Saved DVOL data to data/raw/options/btc_deribit_dvol.parquet
2026-05-16 00:25:30,105 - AlphaVol - INFO - Fetching BTC Options Chain from Deribit...
2026-05-16 00:25:30,681 - AlphaVol - INFO - Saved Options Chain snapshot to data/raw/options/btc_deribit_options_chain.parquet
2026-05-16 00:25:35,682 - AlphaVol - INFO - Saved OBI daily features to data/raw/microstructure/btc_obi_daily.parquet
2026-05-16 00:25:35,755 - AlphaVol - INFO - Computing VPIN (using 5min proxy)...
2026-05-16 00:25:45,670 - AlphaVol - INFO - Generating manifest...
2026-05-16 00:25:46,767 - AlphaVol - INFO - Manifest written to data/manifest.json
2026-05-16 00:25:54,081 - AlphaVol - INFO - Saved VPIN daily to data/raw/microstructure/btc_vpin_daily.parquet
2026-05-16 00:26:05,062 - AlphaVol - INFO - Generating manifest...
2026-05-16 00:26:05,764 - AlphaVol - INFO - Manifest written to data/manifest.json
2026-05-16 00:30:21,312 - AlphaVol - INFO - Generating manifest...
2026-05-16 00:30:22,247 - AlphaVol - INFO - Manifest written to data/manifest.json
2026-05-16 00:32:37,608 - AlphaVol - INFO - Running isolated source: fred
2026-05-16 00:32:37,609 - AlphaVol - INFO - Fetching FRED macro data...
2026-05-16 00:32:57,119 - AlphaVol - ERROR - Failed to fetch GOLDAMGBD228NLBM: Bad Request.  The series does not exist.
2026-05-16 00:33:07,480 - AlphaVol - INFO - Saved FRED data to data/raw/macro/fred_series.parquet
2026-05-16 00:33:17,765 - AlphaVol - INFO - Generating manifest...
2026-05-16 00:33:18,479 - AlphaVol - INFO - Manifest written to data/manifest.json
2026-05-16 00:35:19,087 - AlphaVol - INFO - Generating manifest...
2026-05-16 00:35:19,757 - AlphaVol - INFO - Manifest written to data/manifest.json
2026-05-16 00:36:17,372 - AlphaVol - INFO - Generating manifest...
2026-05-16 00:36:18,071 - AlphaVol - INFO - Manifest written to data/manifest.json
2026-05-16 00:40:11,838 - AlphaVol - INFO - Running isolated source: fear_greed
2026-05-16 00:40:11,839 - AlphaVol - INFO - CACHE HIT: data/raw/macro/fear_greed_index.parquet is fresh (0.25 hours old).
2026-05-16 00:40:11,840 - AlphaVol - INFO - CACHE HIT: data/raw/macro/crypto_fear_greed.parquet is fresh (0.25 hours old).
2026-05-16 00:40:11,840 - AlphaVol - INFO - Fetching VIX term structure (via YFinance proxy)...
2026-05-16 00:40:24,241 - AlphaVol - INFO - Generating manifest...
2026-05-16 00:40:25,187 - AlphaVol - INFO - Manifest written to data/manifest.json
2026-05-16 00:42:06,540 - AlphaVol - INFO - Generating manifest...
2026-05-16 00:42:07,250 - AlphaVol - INFO - Manifest written to data/manifest.json
2026-05-16 00:43:52,053 - AlphaVol - INFO - Running isolated source: fred
2026-05-16 00:43:52,053 - AlphaVol - INFO - Fetching FRED macro data...
2026-05-16 00:44:12,538 - AlphaVol - ERROR - Failed to fetch GOLDAMGBD228NLBM: Bad Request.  The series does not exist.
2026-05-16 00:44:23,643 - AlphaVol - INFO - Saved FRED data to data/raw/macro/fred_series.parquet
2026-05-16 00:44:34,688 - AlphaVol - INFO - Generating manifest...
2026-05-16 00:44:35,315 - AlphaVol - INFO - Manifest written to data/manifest.json
2026-05-16 00:45:45,547 - AlphaVol - INFO - Generating manifest...
2026-05-16 00:45:46,202 - AlphaVol - INFO - Manifest written to data/manifest.json
2026-07-29 21:50:11,168 - AlphaVol - INFO - Running isolated source: binance
2026-07-29 21:50:11,175 - AlphaVol - INFO - CACHE EXPIRED: data/raw/ohlcv/btc_5min.parquet needs updating.
2026-07-29 21:50:11,176 - AlphaVol - INFO - Fetching BTCUSDT 5m klines starting 2019-01-01...
2026-07-29 21:59:29,439 - AlphaVol - INFO - Saved 795988 rows to data/raw/ohlcv/btc_5min.parquet
2026-07-29 21:59:29,755 - AlphaVol - INFO - CACHE EXPIRED: data/raw/ohlcv/eth_5min.parquet needs updating.
2026-07-29 21:59:29,756 - AlphaVol - INFO - Fetching ETHUSDT 5m klines starting 2019-01-01...
2026-07-29 22:07:59,324 - AlphaVol - INFO - Saved 795990 rows to data/raw/ohlcv/eth_5min.parquet
2026-07-29 22:07:59,649 - AlphaVol - INFO - CACHE EXPIRED: data/raw/ohlcv/btc_1h.parquet needs updating.
2026-07-29 22:07:59,650 - AlphaVol - INFO - Fetching BTCUSDT 1h klines starting 2019-01-01...
2026-07-29 22:08:43,388 - AlphaVol - INFO - Saved 66341 rows to data/raw/ohlcv/btc_1h.parquet
2026-07-29 22:08:43,444 - AlphaVol - INFO - CACHE EXPIRED: data/raw/ohlcv/btc_1d.parquet needs updating.
2026-07-29 22:08:43,444 - AlphaVol - INFO - Fetching BTCUSDT 1d klines starting 2019-01-01...
2026-07-29 22:08:45,953 - AlphaVol - INFO - Saved 2767 rows to data/raw/ohlcv/btc_1d.parquet
2026-07-29 22:08:45,957 - AlphaVol - INFO - CACHE EXPIRED: data/raw/ohlcv/eth_1d.parquet needs updating.
2026-07-29 22:08:45,958 - AlphaVol - INFO - Fetching ETHUSDT 1d klines starting 2019-01-01...
2026-07-29 22:08:47,901 - AlphaVol - INFO - Saved 2767 rows to data/raw/ohlcv/eth_1d.parquet
2026-07-29 22:08:47,907 - AlphaVol - INFO - CACHE EXPIRED: data/raw/microstructure/btc_agg_trades.parquet needs updating.
2026-07-29 22:08:47,907 - AlphaVol - INFO - Fetching BTCUSDT aggTrades...
2026-07-29 22:08:48,231 - AlphaVol - INFO - Fetching BTCUSDT orderbook snapshot...
2026-07-29 22:09:06,237 - AlphaVol - INFO - Running isolated source: yfinance
2026-07-29 22:09:06,238 - AlphaVol - INFO - CACHE EXPIRED: data/raw/ohlcv/spx_1d.parquet needs updating.
2026-07-29 22:09:06,238 - AlphaVol - INFO - Fetching ^GSPC from yfinance...
2026-07-29 22:09:14,611 - AlphaVol - INFO - Saved spx to data/raw/ohlcv/spx_1d.parquet
2026-07-29 22:09:14,611 - AlphaVol - INFO - CACHE EXPIRED: data/raw/ohlcv/nifty_1d.parquet needs updating.
2026-07-29 22:09:14,612 - AlphaVol - INFO - Fetching ^NSEI from yfinance...
2026-07-29 22:09:15,104 - AlphaVol - INFO - Saved nifty to data/raw/ohlcv/nifty_1d.parquet
2026-07-29 22:09:15,105 - AlphaVol - INFO - CACHE EXPIRED: data/raw/ohlcv/vix_1d.parquet needs updating.
2026-07-29 22:09:15,106 - AlphaVol - INFO - Fetching ^VIX from yfinance...
2026-07-29 22:09:15,564 - AlphaVol - INFO - Saved vix to data/raw/ohlcv/vix_1d.parquet
2026-07-29 22:09:15,565 - AlphaVol - INFO - CACHE EXPIRED: data/raw/ohlcv/dxy_1d.parquet needs updating.
2026-07-29 22:09:15,566 - AlphaVol - INFO - Fetching DX-Y.NYB from yfinance...
2026-07-29 22:09:16,468 - AlphaVol - INFO - Saved dxy to data/raw/ohlcv/dxy_1d.parquet
2026-07-29 22:09:16,469 - AlphaVol - INFO - CACHE EXPIRED: data/raw/ohlcv/vxn_1d.parquet needs updating.
2026-07-29 22:09:16,470 - AlphaVol - INFO - Fetching ^VXN from yfinance...
2026-07-29 22:09:17,224 - AlphaVol - INFO - Saved vxn to data/raw/ohlcv/vxn_1d.parquet
2026-07-29 22:09:17,225 - AlphaVol - INFO - CACHE EXPIRED: data/raw/ohlcv/gold_1d.parquet needs updating.
2026-07-29 22:09:17,226 - AlphaVol - INFO - Fetching GC=F from yfinance...
2026-07-29 22:09:20,685 - AlphaVol - INFO - Saved gold to data/raw/ohlcv/gold_1d.parquet
2026-07-29 22:09:20,686 - AlphaVol - INFO - CACHE EXPIRED: data/raw/ohlcv/tnx10y_1d.parquet needs updating.
2026-07-29 22:09:20,687 - AlphaVol - INFO - Fetching ^TNX from yfinance...
2026-07-29 22:09:21,989 - AlphaVol - INFO - Saved tnx10y to data/raw/ohlcv/tnx10y_1d.parquet
2026-07-29 22:09:21,990 - AlphaVol - INFO - CACHE EXPIRED: data/raw/ohlcv/irx3m_1d.parquet needs updating.
2026-07-29 22:09:21,991 - AlphaVol - INFO - Fetching ^IRX from yfinance...
2026-07-29 22:09:23,559 - AlphaVol - INFO - Saved irx3m to data/raw/ohlcv/irx3m_1d.parquet
2026-07-29 22:09:40,887 - AlphaVol - INFO - Running isolated source: rv
2026-07-29 22:09:40,887 - AlphaVol - INFO - Computing RV for BTC...
2026-07-29 22:09:44,261 - AlphaVol - INFO - Saved BTC RV to data/raw/realized_vol/btc_rv_daily.parquet
2026-07-29 22:09:44,297 - AlphaVol - INFO - Computing RV for ETH...
2026-07-29 22:09:46,902 - AlphaVol - INFO - Saved ETH RV to data/raw/realized_vol/eth_rv_daily.parquet
2026-07-29 22:09:46,942 - AlphaVol - INFO - Computing tradfi RV for SPX...
2026-07-29 22:09:46,992 - AlphaVol - INFO - Computing tradfi RV for NIFTY...
2026-07-29 22:10:03,429 - AlphaVol - INFO - Running isolated source: microstructure
2026-07-29 22:10:03,430 - AlphaVol - INFO - Computing OBI from data/raw/ohlcv/btc_5min.parquet...
2026-07-29 22:10:08,853 - AlphaVol - INFO - Saved OBI daily features to data/raw/microstructure/btc_obi_daily.parquet
2026-07-29 22:10:08,899 - AlphaVol - INFO - Computing VPIN (using 5min proxy)...
2026-07-29 22:10:18,390 - AlphaVol - INFO - Saved VPIN daily to data/raw/microstructure/btc_vpin_daily.parquet
2026-07-29 22:10:34,308 - AlphaVol - INFO - Running isolated source: deribit
2026-07-29 22:10:34,309 - AlphaVol - INFO - CACHE EXPIRED: data/raw/options/btc_deribit_dvol.parquet needs updating.
2026-07-29 22:10:34,310 - AlphaVol - INFO - Fetching BTC DVOL from Deribit...
2026-07-29 22:10:35,148 - AlphaVol - INFO - Saved DVOL data to data/raw/options/btc_deribit_dvol.parquet
2026-07-29 22:10:35,152 - AlphaVol - INFO - CACHE EXPIRED: data/raw/options/btc_deribit_options_chain.parquet needs updating.
2026-07-29 22:10:35,152 - AlphaVol - INFO - Fetching BTC Options Chain from Deribit...
2026-07-29 22:10:35,508 - AlphaVol - INFO - Saved Options Chain snapshot to data/raw/options/btc_deribit_options_chain.parquet
2026-07-29 22:10:51,514 - AlphaVol - INFO - Running isolated source: fred
2026-07-29 22:10:51,516 - AlphaVol - INFO - CACHE HIT: data/raw/macro/fred_series.parquet is fresh (0.85 hours old).
2026-07-29 22:11:14,161 - AlphaVol - INFO - Running isolated source: fear_greed
2026-07-29 22:11:14,162 - AlphaVol - INFO - CACHE EXPIRED: data/raw/macro/fear_greed_index.parquet needs updating.
2026-07-29 22:11:14,163 - AlphaVol - INFO - Fetching CNN Fear & Greed...
2026-07-29 22:11:14,678 - AlphaVol - INFO - CACHE HIT: data/raw/macro/crypto_fear_greed.parquet is fresh (0.85 hours old).
2026-07-29 22:11:14,679 - AlphaVol - INFO - CACHE EXPIRED: data/raw/options/spx_vix_term_structure.parquet needs updating.
2026-07-29 22:11:14,680 - AlphaVol - INFO - Fetching VIX term structure (via YFinance proxy)...
2026-07-29 22:11:41,489 - AlphaVol - INFO - Running isolated source: sentiment
2026-07-29 22:11:41,490 - AlphaVol - INFO - CACHE EXPIRED: data/raw/sentiment/newsapi_headlines.parquet needs updating.
2026-07-29 22:11:41,490 - AlphaVol - INFO - Fetching NewsAPI headlines...
2026-07-29 22:11:46,660 - AlphaVol - INFO - CACHE EXPIRED: data/raw/sentiment/gdelt_daily.parquet needs updating.
2026-07-29 22:11:46,661 - AlphaVol - INFO - Fetching GDELT via BigQuery...
2026-07-29 22:11:46,805 - AlphaVol - INFO - CACHE EXPIRED: data/raw/sentiment/google_trends_weekly.parquet needs updating.
2026-07-29 22:11:46,806 - AlphaVol - INFO - Fetching Google Trends...
2026-07-29 22:11:49,687 - AlphaVol - ERROR - Pytrends error for bitcoin crash: The request failed: Google returned a response with code 429
2026-07-29 22:11:50,910 - AlphaVol - ERROR - Pytrends error for crypto fear: The request failed: Google returned a response with code 429
2026-07-29 22:11:52,167 - AlphaVol - ERROR - Pytrends error for stock market crash: The request failed: Google returned a response with code 429
2026-07-29 22:11:53,463 - AlphaVol - ERROR - Pytrends error for recession: The request failed: Google returned a response with code 429
2026-07-29 22:11:55,475 - AlphaVol - ERROR - Pytrends error for nifty: The request failed: Google returned a response with code 429
2026-07-29 22:12:10,939 - AlphaVol - INFO - Generating manifest...
2026-07-29 22:12:11,686 - AlphaVol - INFO - Manifest written to data/manifest.json
2026-07-29 22:29:37,279 - AlphaVol - INFO - Running isolated source: sentiment
2026-07-29 22:29:37,280 - AlphaVol - INFO - CACHE HIT: data/raw/sentiment/newsapi_headlines.parquet is fresh (0.30 hours old).
2026-07-29 22:29:37,280 - AlphaVol - INFO - Fetching GDELT via free REST API (no BigQuery needed)...
2026-07-29 22:29:37,281 - AlphaVol - INFO -   GDELT query for BTC: "bitcoin" OR "cryptocurrency" OR "crypto market"...
2026-07-29 22:29:43,004 - AlphaVol - WARNING -   GDELT REST API error for BTC: ('Connection aborted.', ConnectionResetError(10054, 'An existing connection was forcibly closed by the remote host', None, 10054, None))
2026-07-29 22:29:43,005 - AlphaVol - INFO -   GDELT query for SPX: "S&P 500" OR "stock market" OR "wall street"...
2026-07-29 22:29:43,284 - AlphaVol - WARNING -   GDELT REST API error for SPX: ('Connection aborted.', ConnectionResetError(10054, 'An existing connection was forcibly closed by the remote host', None, 10054, None))
2026-07-29 22:29:43,284 - AlphaVol - INFO -   GDELT query for NIFTY: "NIFTY" OR "sensex" OR "BSE" OR "NSE India"...
2026-07-29 22:29:43,562 - AlphaVol - WARNING -   GDELT REST API error for NIFTY: ('Connection aborted.', ConnectionResetError(10054, 'An existing connection was forcibly closed by the remote host', None, 10054, None))
2026-07-29 22:29:43,563 - AlphaVol - WARNING - GDELT returned no data — saving empty file.
2026-07-29 22:29:43,613 - AlphaVol - INFO - CACHE HIT: data/raw/sentiment/google_trends_weekly.parquet is fresh (0.30 hours old).
2026-07-29 22:31:08,740 - AlphaVol - INFO - Running isolated source: sentiment
2026-07-29 22:31:08,741 - AlphaVol - INFO - CACHE HIT: data/raw/sentiment/newsapi_headlines.parquet is fresh (0.32 hours old).
2026-07-29 22:31:08,741 - AlphaVol - INFO - Fetching GDELT via free REST API (no BigQuery needed)...
2026-07-29 22:31:08,741 - AlphaVol - INFO -   GDELT query for BTC: "bitcoin" OR "cryptocurrency" OR "crypto market"...
2026-07-29 22:31:16,346 - AlphaVol - WARNING -   GDELT BTC attempt 1 error: ('Connection aborted.', ConnectionResetError(10054, 'An existing connection was forcibly closed by the remote host', None, 10054, None))
2026-07-29 22:31:22,627 - AlphaVol - WARNING -   GDELT BTC attempt 2 error: ('Connection aborted.', ConnectionResetError(10054, 'An existing connection was forcibly closed by the remote host', None, 10054, None))
2026-07-29 22:31:32,914 - AlphaVol - WARNING -   GDELT BTC attempt 3 error: ('Connection aborted.', ConnectionResetError(10054, 'An existing connection was forcibly closed by the remote host', None, 10054, None))
2026-07-29 22:31:47,915 - AlphaVol - WARNING -   GDELT BTC: all retries failed.
2026-07-29 22:31:47,915 - AlphaVol - INFO -   GDELT query for SPX: "S&P 500" OR "stock market" OR "wall street"...
2026-07-29 22:31:48,210 - AlphaVol - WARNING -   GDELT SPX attempt 1 error: ('Connection aborted.', ConnectionResetError(10054, 'An existing connection was forcibly closed by the remote host', None, 10054, None))
2026-07-29 22:31:53,475 - AlphaVol - WARNING -   GDELT SPX attempt 2 error: ('Connection aborted.', ConnectionResetError(10054, 'An existing connection was forcibly closed by the remote host', None, 10054, None))
2026-07-29 22:32:03,766 - AlphaVol - WARNING -   GDELT SPX attempt 3 error: ('Connection aborted.', ConnectionResetError(10054, 'An existing connection was forcibly closed by the remote host', None, 10054, None))
2026-07-29 22:32:18,769 - AlphaVol - WARNING -   GDELT SPX: all retries failed.
2026-07-29 22:32:18,769 - AlphaVol - INFO -   GDELT query for NIFTY: "NIFTY" OR "sensex" OR "BSE" OR "NSE India"...
2026-07-29 22:32:24,317 - AlphaVol - WARNING -   GDELT NIFTY attempt 1 error: ('Connection aborted.', ConnectionResetError(10054, 'An existing connection was forcibly closed by the remote host', None, 10054, None))
2026-07-29 22:32:30,633 - AlphaVol - WARNING -   GDELT NIFTY attempt 2 error: ('Connection aborted.', ConnectionResetError(10054, 'An existing connection was forcibly closed by the remote host', None, 10054, None))
2026-07-29 22:32:40,952 - AlphaVol - WARNING -   GDELT NIFTY attempt 3 error: ('Connection aborted.', ConnectionResetError(10054, 'An existing connection was forcibly closed by the remote host', None, 10054, None))
2026-07-29 22:32:55,953 - AlphaVol - WARNING -   GDELT NIFTY: all retries failed.
2026-07-29 22:32:55,953 - AlphaVol - WARNING - GDELT returned no data — saving empty file.
2026-07-29 22:32:56,025 - AlphaVol - INFO - CACHE HIT: data/raw/sentiment/google_trends_weekly.parquet is fresh (0.35 hours old).
2026-07-29 23:12:34,592 - AlphaVol - INFO - Running isolated source: news_extended
2026-07-30 12:59:41,980 - AlphaVol - INFO - Running isolated source: news_extended
